// Jest Snapshot v1, https://goo.gl/fbAQLP

exports[`testing on <GifItem /> should match with the snapshot 1`] = `
<div>
  <div
    class="card"
  >
    <img
      alt="My title"
      src="http://localhost/not-exit"
    />
    <p>
      My title
    </p>
  </div>
</div>
`;
